
------------------------------------------------------------
Sender: LSF System <lsfadmin@hpc.dtu.dk>
Subject: Job 28320872: <full_sim> in cluster <dcc> Done

Job <full_sim> was submitted from host <n-62-30-1> by user <s253742> in cluster <dcc> at Wed Apr 29 00:02:59 2026
Job was executed on host(s) <4*n-62-12-23>, in queue <gpua100>, as user <s253742> in cluster <dcc> at Wed Apr 29 04:02:28 2026
</zhome/1e/3/223875> was used as the home directory.
</zhome/1e/3/223875/projects/phpc/MiniProject> was used as the working directory.
Started at Wed Apr 29 04:02:28 2026
Terminated at Wed Apr 29 05:23:21 2026
Results reported at Wed Apr 29 05:23:21 2026

Your job looked like:

------------------------------------------------------------
# LSBATCH: User input
#!/bin/sh
#BSUB -q gpua100
#BSUB -J full_sim
#BSUB -n 4
#BSUB -R "span[hosts=1]"
#BSUB -R "rusage[mem=1GB]"
#BSUB -gpu "num=1:mode=exclusive_process"
#BSUB -W 02:00
#BSUB -o logs/full_sim_%J.out
#BSUB -e logs/full_sim_%J.err


source /dtu/projects/02613_2025/conda/conda_init.sh
conda activate 02613_2026

python src/run_full_simulation.py > results/results1.csv

------------------------------------------------------------

Successfully completed.

Resource usage summary:

    CPU time :                                   4743.00 sec.
    Max Memory :                                 163 MB
    Average Memory :                             136.51 MB
    Total Requested Memory :                     4096.00 MB
    Delta Memory :                               3933.00 MB
    Max Swap :                                   -
    Max Processes :                              4
    Max Threads :                                10
    Run time :                                   4853 sec.
    Turnaround time :                            19222 sec.

The output (if any) is above this job summary.



PS:

Read file <logs/full_sim_28320872.err> for stderr output of this job.

