
------------------------------------------------------------
Sender: LSF System <lsfadmin@hpc.dtu.dk>
Subject: Job 28320654: <full_sim> in cluster <dcc> Done

Job <full_sim> was submitted from host <n-62-20-9> by user <s253742> in cluster <dcc> at Tue Apr 28 22:55:44 2026
Job was executed on host(s) <4*n-62-20-12>, in queue <gpuv100>, as user <s253742> in cluster <dcc> at Tue Apr 28 22:59:26 2026
</zhome/1e/3/223875> was used as the home directory.
</zhome/1e/3/223875/projects/phpc/MiniProject> was used as the working directory.
Started at Tue Apr 28 22:59:26 2026
Terminated at Wed Apr 29 00:22:21 2026
Results reported at Wed Apr 29 00:22:21 2026

Your job looked like:

------------------------------------------------------------
# LSBATCH: User input
#!/bin/sh
#BSUB -q gpuv100
#BSUB -J full_sim
#BSUB -n 4
#BSUB -R "span[hosts=1]"
#BSUB -R "rusage[mem=1GB]"
#BSUB -gpu "num=1:mode=exclusive_process"
#BSUB -W 02:00
#BSUB -o logs/full_sim_%J.out
#BSUB -e logs/full_sim_%J.err


source /dtu/projects/02613_2025/conda/conda_init.sh
conda activate 02613_2026

python src/run_full_simulation.py > results/results.csv

------------------------------------------------------------

Successfully completed.

Resource usage summary:

    CPU time :                                   4903.00 sec.
    Max Memory :                                 146 MB
    Average Memory :                             125.03 MB
    Total Requested Memory :                     4096.00 MB
    Delta Memory :                               3950.00 MB
    Max Swap :                                   -
    Max Processes :                              4
    Max Threads :                                9
    Run time :                                   4975 sec.
    Turnaround time :                            5197 sec.

The output (if any) is above this job summary.



PS:

Read file <logs/full_sim_28320654.err> for stderr output of this job.

