No GPU on this node, CUDA module not loaded
Building 10000: 3601 iterations, Time: 7.3220s
Building 10009: 5492 iterations, Time: 12.1196s
Building 10014: 7964 iterations, Time: 17.7654s
Building 10019: 7869 iterations, Time: 17.3744s
Building 10029: 3492 iterations, Time: 5.8757s
Building 10031: 4734 iterations, Time: 9.8283s
Building 10051: 1534 iterations, Time: 3.4911s
Building 10053: 4478 iterations, Time: 8.8344s
Building 10056: 1591 iterations, Time: 3.3823s
Building 10064: 6517 iterations, Time: 13.7563s

Total time for 10 buildings: 100.05s
Average time per building: 10.0050s
Wrote profile results to time_and_visualize.py.lprof
Timer unit: 1e-06 s

Total time: 99.3758 s
File: src/time_and_visualize.py
Function: jacobi at line 13

Line #      Hits         Time  Per Hit   % Time  Line Contents
==============================================================
    13                                           @profile
    14                                           def jacobi(u, interior_mask, max_iter, atol=1e-4):
    15        10      10091.5   1009.2      0.0      u = np.copy(u)
    16     47282      49995.8      1.1      0.1      for i in range(max_iter):
    17                                                   # The update rule: 0.25 * (Left + Right + Up + Down)
    18     47282   57367533.0   1213.3     57.7          u_new = 0.25 * (u[1:-1, :-2] + u[1:-1, 2:] + u[:-2, 1:-1] + u[2:, 1:-1])
    19     47282   10280697.3    217.4     10.3          u_new_interior = u_new[interior_mask]
    20                                                   
    21                                                   # Check for convergence
    22     47282   20188435.4    427.0     20.3          delta = np.abs(u[1:-1, 1:-1][interior_mask] - u_new_interior).max()
    23     47282   11363562.6    240.3     11.4          u[1:-1, 1:-1][interior_mask] = u_new_interior
    24                                                   
    25     47282     115444.6      2.4      0.1          if delta < atol:
    26        10          8.0      0.8      0.0              break
    27        10          5.3      0.5      0.0      return u, i


------------------------------------------------------------
Sender: LSF System <lsfadmin@hpc.dtu.dk>
Subject: Job 28248575: <timing_ref> in cluster <dcc> Done

Job <timing_ref> was submitted from host <n-62-30-3> by user <s253742> in cluster <dcc> at Tue Apr 21 21:17:56 2026
Job was executed on host(s) <n-62-31-5>, in queue <hpc>, as user <s253742> in cluster <dcc> at Tue Apr 21 21:17:57 2026
</zhome/1e/3/223875> was used as the home directory.
</zhome/1e/3/223875/projects/phpc/MiniProject> was used as the working directory.
Started at Tue Apr 21 21:17:57 2026
Terminated at Tue Apr 21 21:19:40 2026
Results reported at Tue Apr 21 21:19:40 2026

Your job looked like:

------------------------------------------------------------
# LSBATCH: User input
#!/bin/bash
#BSUB -J timing_ref
#BSUB -o logs/jacobi%J.out
#BSUB -e logs/jacobi%J.err
#BSUB -q hpc
#BSUB -W 00:30
#BSUB -n 1
#BSUB -R "rusage[mem=16GB]"
#BSUB -R "select[model == XeonGold6126]"

source /dtu/projects/02613_2025/conda/conda_init.sh
conda activate 02613

# -l flag means line-by-line, -v means view results immediately
kernprof -l -v src/time_and_visualize.py
------------------------------------------------------------

Successfully completed.

Resource usage summary:

    CPU time :                                   101.84 sec.
    Max Memory :                                 77 MB
    Average Memory :                             77.00 MB
    Total Requested Memory :                     16384.00 MB
    Delta Memory :                               16307.00 MB
    Max Swap :                                   -
    Max Processes :                              4
    Max Threads :                                5
    Run time :                                   103 sec.
    Turnaround time :                            104 sec.

The output (if any) is above this job summary.



PS:

Read file <logs/jacobi28248575.err> for stderr output of this job.

