No GPU on this node, CUDA module not loaded

------------------------------------------------------------
Sender: LSF System <lsfadmin@hpc.dtu.dk>
Subject: Job 28248551: <timing_ref> in cluster <dcc> Exited

Job <timing_ref> was submitted from host <hpclogin2> by user <s253742> in cluster <dcc> at Tue Apr 21 21:06:35 2026
Job was executed on host(s) <n-62-31-5>, in queue <hpc>, as user <s253742> in cluster <dcc> at Tue Apr 21 21:06:36 2026
</zhome/1e/3/223875> was used as the home directory.
</zhome/1e/3/223875/projects/phpc/MiniProject> was used as the working directory.
Started at Tue Apr 21 21:06:36 2026
Terminated at Tue Apr 21 21:06:38 2026
Results reported at Tue Apr 21 21:06:38 2026

Your job looked like:

------------------------------------------------------------
# LSBATCH: User input
#!/bin/bash
#BSUB -J timing_ref
#BSUB -o logs/timing%J.out
#BSUB -e logs/timing%J.err
#BSUB -q hpc
#BSUB -W 00:30
#BSUB -n 1
#BSUB -R "rusage[mem=16GB]"
#BSUB -R "select[model == XeonGold6126]"

source /dtu/projects/02613_2025/conda/conda_init.sh
conda activate 02613

python3 time_and_visualize.py
------------------------------------------------------------

Exited with exit code 2.

Resource usage summary:

    CPU time :                                   1.01 sec.
    Max Memory :                                 -
    Average Memory :                             -
    Total Requested Memory :                     16384.00 MB
    Delta Memory :                               -
    Max Swap :                                   -
    Max Processes :                              -
    Max Threads :                                -
    Run time :                                   1 sec.
    Turnaround time :                            3 sec.

The output (if any) is above this job summary.



PS:

Read file <logs/timing28248551.err> for stderr output of this job.

