Traceback (most recent call last):
  File "/zhome/1e/3/223875/projects/phpc/MiniProject/src/time_and_visualize.py", line 13, in <module>
    @profile
     ^^^^^^^
NameError: name 'profile' is not defined
Traceback (most recent call last):
  File "/zhome/1e/3/223875/projects/phpc/MiniProject/src/time_and_visualize.py", line 13, in <module>
    @profile
     ^^^^^^^
NameError: name 'profile' is not defined
Traceback (most recent call last):
  File "/zhome/1e/3/223875/projects/phpc/MiniProject/src/time_and_visualize.py", line 13, in <module>
    @profile
     ^^^^^^^
NameError: name 'profile' is not defined
Traceback (most recent call last):
  File "/zhome/1e/3/223875/projects/phpc/MiniProject/src/time_and_visualize.py", line 13, in <module>
    @profile
     ^^^^^^^
NameError: name 'profile' is not defined
Traceback (most recent call last):
  File "/zhome/1e/3/223875/projects/phpc/MiniProject/src/time_and_visualize.py", line 13, in <module>
    @profile
     ^^^^^^^
NameError: name 'profile' is not defined
Traceback (most recent call last):
  File "/zhome/1e/3/223875/projects/phpc/MiniProject/src/time_and_visualize.py", line 13, in <module>
    @profile
     ^^^^^^^
NameError: name 'profile' is not defined
Traceback (most recent call last):
  File "/zhome/1e/3/223875/projects/phpc/MiniProject/src/time_and_visualize.py", line 13, in <module>
    @profile
     ^^^^^^^
NameError: name 'profile' is not defined
