No GPU on this node, CUDA module not loaded

------------------------------------------------------------
Sender: LSF System <lsfadmin@hpc.dtu.dk>
Subject: Job 28322499: <timing_trials> in cluster <dcc> Exited

Job <timing_trials> was submitted from host <n-62-30-2> by user <s253742> in cluster <dcc> at Wed Apr 29 10:04:48 2026
Job was executed on host(s) <n-62-31-23>, in queue <hpc>, as user <s253742> in cluster <dcc> at Wed Apr 29 10:04:49 2026
</zhome/1e/3/223875> was used as the home directory.
</zhome/1e/3/223875/projects/phpc/MiniProject> was used as the working directory.
Started at Wed Apr 29 10:04:49 2026
Terminated at Wed Apr 29 10:04:57 2026
Results reported at Wed Apr 29 10:04:57 2026

Your job looked like:

------------------------------------------------------------
# LSBATCH: User input
#!/bin/bash
#BSUB -J timing_trials
#BSUB -o logs/timing_trial_%J.out
#BSUB -e logs/timing_trial_%J.err
#BSUB -q hpc
#BSUB -W 00:30
#BSUB -n 1
#BSUB -R "rusage[mem=16GB]"
#BSUB -R "select[model == XeonGold6126]"

source /dtu/projects/02613_2025/conda/conda_init.sh
conda activate 02613

python3 src/time_and_visualize.py 1
python3 src/time_and_visualize.py 2
python3 src/time_and_visualize.py 3
python3 src/time_and_visualize.py 4
python3 src/time_and_visualize.py 10
python3 src/time_and_visualize.py 15
python3 src/time_and_visualize.py 20
------------------------------------------------------------

Exited with exit code 1.

Resource usage summary:

    CPU time :                                   5.53 sec.
    Max Memory :                                 -
    Average Memory :                             -
    Total Requested Memory :                     16384.00 MB
    Delta Memory :                               -
    Max Swap :                                   -
    Max Processes :                              -
    Max Threads :                                -
    Run time :                                   8 sec.
    Turnaround time :                            9 sec.

The output (if any) is above this job summary.



PS:

Read file <logs/timing_trial_28322499.err> for stderr output of this job.

